Block: b1, Live Vars: []
Block: left, Live Vars: ["a", "b"]
Block: right, Live Vars: ["a", "b"]
Block: end, Live Vars: ["a", "b", "c"]
