Block: b1, Declared Vars: []
Block: left, Declared Vars: ["a", "b", "cond"]
Block: right, Declared Vars: ["a", "b", "cond"]
Block: end, Declared Vars: ["a", "b", "c", "cond"]
