Block: b1, Live Vars: []
Block: header, Live Vars: ["cond", "i", "one", "result", "zero"]
Block: body, Live Vars: ["cond", "i", "one", "result", "zero"]
Block: end, Live Vars: ["cond", "i", "one", "result", "zero"]
